
> examai@0.1.0 dev
> next dev

⚠ Warning: Next.js inferred your workspace root, but it may not be correct.
 We detected multiple lockfiles and selected the directory of C:\Users\hhajr\package-lock.json as the root directory.
 To silence this warning, set `turbopack.root` in your Next.js config, or consider removing one of the lockfiles if it's not needed.
   See https://nextjs.org/docs/app/api-reference/config/next-config-js/turbopack#root-directory for more information.
 Detected additional lockfiles: 
   * C:\Users\hhajr\Desktop\ProjectAI\package-lock.json

▲ Next.js 16.1.6 (Turbopack)
- Local:         http://localhost:3000
- Network:       http://192.168.1.10:3000
- Environments: .env.local

✓ Starting...
⚠ The "middleware" file convention is deprecated. Please use "proxy" instead. Learn more: https://nextjs.org/docs/messages/middleware-to-proxy
✓ Ready in 1716ms
 GET / 200 in 1484ms (compile: 754ms, render: 730ms)
 GET /api/auth/session 200 in 3.4s (compile: 3.3s, render: 84ms)
 GET / 200 in 116ms (compile: 9ms, render: 106ms)
 GET / 200 in 394ms (compile: 24ms, render: 371ms)
 GET /api/auth/session 200 in 104ms (compile: 75ms, render: 29ms)
 GET /api/auth/session 200 in 53ms (compile: 18ms, render: 34ms)
 GET /dashboard 200 in 382ms (compile: 125ms, proxy.ts: 14ms, render: 243ms)
 GET /api/dashboard 200 in 1361ms (compile: 199ms, render: 1162ms)
 GET /api/dashboard 200 in 96ms (compile: 17ms, render: 79ms)
 GET /dashboard/upload 200 in 174ms (compile: 82ms, proxy.ts: 9ms, render: 83ms)
PDF parse error: TypeError: pdfParse is not a function
    at parsePDF (lib\services\pdfParserService.js:23:24)
    at async POST (app\api\upload\route.js:34:24)
  21 |     };
  22 |     
> 23 |     const data = await pdfParse(fileBuffer, options);
     |                        ^
  24 |         
  25 |         return {
  26 |             success: true,
 POST /api/upload 422 in 781ms (compile: 135ms, render: 646ms)
 GET /api/auth/session 200 in 91ms (compile: 58ms, render: 33ms)
 GET /api/auth/session 200 in 49ms (compile: 5ms, render: 44ms)
 GET / 200 in 385ms (compile: 55ms, render: 330ms)
 GET /api/auth/session 200 in 54ms (compile: 29ms, render: 25ms)
 GET /api/auth/session 200 in 56ms (compile: 31ms, render: 25ms)
 GET /api/auth/session 200 in 49ms (compile: 4ms, render: 45ms)
 GET /register 200 in 215ms (compile: 91ms, proxy.ts: 6ms, render: 118ms)
 POST /api/auth/register 201 in 591ms (compile: 67ms, render: 525ms)
 GET /api/auth/providers 200 in 42ms (compile: 14ms, render: 28ms)
 GET /api/auth/csrf 200 in 28ms (compile: 6ms, render: 21ms)
 POST /api/auth/callback/credentials 200 in 694ms (compile: 5ms, render: 689ms)
 GET /api/auth/session 200 in 21ms (compile: 4ms, render: 17ms)
 GET /dashboard 200 in 88ms (compile: 9ms, proxy.ts: 24ms, render: 56ms)
 GET /dashboard 200 in 115ms (compile: 12ms, proxy.ts: 21ms, render: 82ms)
 GET /api/dashboard 200 in 84ms (compile: 20ms, render: 64ms)
 GET /api/dashboard 200 in 103ms (compile: 4ms, render: 99ms)
 GET /dashboard/upload 200 in 52ms (compile: 7ms, proxy.ts: 7ms, render: 39ms)
PDF parse error: TypeError: pdfParse is not a function
    at parsePDF (lib\services\pdfParserService.js:23:24)
    at async POST (app\api\upload\route.js:34:24)
  21 |     };
  22 |     
> 23 |     const data = await pdfParse(fileBuffer, options);
     |                        ^
  24 |         
  25 |         return {
  26 |             success: true,
 POST /api/upload 422 in 178ms (compile: 6ms, render: 172ms)
 GET /api/auth/session 200 in 53ms (compile: 30ms, render: 23ms)
 GET /api/auth/session 200 in 49ms (compile: 5ms, render: 44ms)
 GET /api/auth/session 200 in 47ms (compile: 7ms, render: 40ms)
 GET /api/auth/session 200 in 88ms (compile: 60ms, render: 28ms)
 GET /api/auth/session 200 in 52ms (compile: 23ms, render: 30ms)
 GET /api/auth/session 200 in 74ms (compile: 49ms, render: 25ms)
 GET /api/auth/session 200 in 70ms (compile: 49ms, render: 22ms)
